// Jest Snapshot v1, https://goo.gl/fbAQLP

exports[`Bridge Fixtures - Round-trip Validation Snapshot Testing matches command fixtures snapshot 1`] = `
{
  "pauseCommand": {
    "type": "pause",
  },
  "quitCommand": {
    "type": "quit",
  },
  "resumeCommand": {
    "type": "resume",
  },
  "setMusicCommandDisabled": {
    "enabled": false,
    "type": "set-music",
  },
  "setMusicCommandEnabled": {
    "enabled": true,
    "type": "set-music",
  },
  "startCommand": {
    "eventId": "event-001",
    "musicEnabled": true,
    "seed": "0123456789abcdef",
    "team": "Manifestor",
    "type": "start",
  },
  "startCommandWithGhost": {
    "eventId": "event-002",
    "ghostData": {
      "inputs": "R5L3D2U1R10L5",
      "seed": "fedcba9876543210",
    },
    "musicEnabled": false,
    "seed": "0123456789abcdef",
    "team": "Generator",
    "type": "start",
  },
}
`;

exports[`Bridge Fixtures - Round-trip Validation Snapshot Testing matches event fixtures snapshot 1`] = `
{
  "errorEventGameCrash": {
    "code": "GAME_CRASH",
    "message": "Unexpected null pointer exception in game loop",
    "type": "error",
  },
  "errorEventInvalidSeed": {
    "code": "INVALID_SEED",
    "message": "Seed format validation failed",
    "type": "error",
  },
  "readyEvent": {
    "game_core_version": "1.0.0",
    "type": "ready",
  },
  "resultEvent": {
    "clientHash": "a1b2c3d4e5f6789012345678901234567890abcdef1234567890abcdef123456",
    "game_core_version": "1.0.0",
    "inputs": "R5L3D2U1R10L5D8U3R15L2D5U7R20",
    "metrics": {
      "coinsCollected": 87,
      "distance": 1250.75,
      "enemiesDefeated": 42,
      "time": 125000,
    },
    "score": 15420,
    "type": "result",
  },
  "stateEventLoading": {
    "progress": 0.33,
    "state": "loading",
    "type": "state",
  },
  "stateEventPaused": {
    "state": "paused",
    "type": "state",
  },
  "stateEventPlaying": {
    "progress": 0.75,
    "state": "playing",
    "type": "state",
  },
}
`;

exports[`Bridge Fixtures - Round-trip Validation Snapshot Testing matches game result fixtures snapshot 1`] = `
{
  "gameResultHighScore": {
    "clientHash": "fedcba9876543210fedcba9876543210fedcba9876543210fedcba9876543210",
    "eventId": "event-001",
    "game_core_version": "1.0.0",
    "inputs": "R5L3D2U1R10L5D8U3R15L2D5U7R20L8D3U5R12L4D6U2R18",
    "metrics": {
      "coinsCollected": 142,
      "distance": 2150.5,
      "enemiesDefeated": 68,
      "time": 180000,
    },
    "score": 25680,
    "seed": "0123456789abcdef",
    "team": "Manifestor",
  },
  "gameResultLowScore": {
    "clientHash": "1234567890abcdef1234567890abcdef1234567890abcdef1234567890abcdef",
    "eventId": "event-002",
    "game_core_version": "1.0.0",
    "inputs": "R3L2D1U1R5",
    "metrics": {
      "coinsCollected": 8,
      "distance": 125.25,
      "enemiesDefeated": 2,
      "time": 15000,
    },
    "score": 500,
    "seed": "abcdef0123456789",
    "team": "Generator",
  },
  "gameResultPerfectRun": {
    "clientHash": "abcdef1234567890abcdef1234567890abcdef1234567890abcdef1234567890",
    "eventId": "event-003",
    "game_core_version": "1.0.1",
    "inputs": "R10L8D5U7R15L12D9U11R20L18D15U13R25L22D19U17R30",
    "metrics": {
      "coinsCollected": 300,
      "distance": 5000,
      "enemiesDefeated": 150,
      "time": 300000,
    },
    "score": 50000,
    "seed": "fedcba9876543210",
    "team": "Projector",
  },
}
`;
